[tickettool.xyz/index.html]
[backblue.gif]
[fade.gif]
[index.html]
[tickettool.xyz/assets/images/favicon.ico]
[tickettool.xyz/assets/css/bootstrap.min.css]
[tickettool.xyz/assets/css/icons.min.css]
[tickettool.xyz/assets/css/app.min.css]
[tickettool.xyz/assets/images/logo-light.png]
[tickettool.xyz/assets/images/logo-sm.png]
[tickettool.xyz/premium.html]
[tickettool.xyz/index.html]
[tickettool.xyz/assets/css/bootstrap.min.css]
[tickettool.xyz/assets/js/app.min.js]
[tickettool.xyz/assets/js/vendor.min.js]
[tickettool.xyz/assets/fonts/dripicons-v2.eot]
[tickettool.xyz/assets/fonts/dripicons-v2d41d.eot]
[tickettool.xyz/assets/fonts/dripicons-v2.woff]
[tickettool.xyz/assets/fonts/dripicons-v2.ttf]
[tickettool.xyz/assets/fonts/dripicons-v2.svg]
[tickettool.xyz/assets/fonts/materialdesignicons-webfont62bd.woff2]
[tickettool.xyz/assets/fonts/materialdesignicons-webfont62bd.woff]
[tickettool.xyz/assets/fonts/materialdesignicons-webfont62bd.eot]
[tickettool.xyz/assets/fonts/materialdesignicons-webfontd41d.eot]
[tickettool.xyz/assets/fonts/materialdesignicons-webfont62bd.ttf]
[tickettool.xyz/assets/fonts/feathere8ab.eot]
[tickettool.xyz/assets/fonts/feathere8ab.woff]
[tickettool.xyz/assets/fonts/feathere8ab.ttf]
[tickettool.xyz/assets/fonts/feathere8ab.svg]
[tickettool.xyz/assets/fonts/themify9f24.eot]
[tickettool.xyz/assets/fonts/themifyd41d.eot]
[tickettool.xyz/assets/fonts/themify9f24.woff]
[tickettool.xyz/assets/fonts/themify9f24.ttf]
[tickettool.xyz/assets/fonts/themify9f24.svg]
[tickettool.xyz/assets/fonts/materialdesignicons-webfont62bd.svg]
[tickettool.xyz/assets/fonts/fa-brands-400.eot]
[tickettool.xyz/assets/fonts/fa-brands-400d41d.eot]
[tickettool.xyz/assets/fonts/fa-brands-400.woff2]
[tickettool.xyz/assets/fonts/fa-brands-400.woff]
[tickettool.xyz/assets/fonts/fa-brands-400.ttf]
[tickettool.xyz/assets/fonts/fa-regular-400.eot]
[tickettool.xyz/assets/fonts/fa-regular-400d41d.eot]
[tickettool.xyz/assets/fonts/fa-regular-400.woff2]
[tickettool.xyz/assets/fonts/fa-regular-400.woff]
[tickettool.xyz/assets/fonts/fa-regular-400.ttf]
[tickettool.xyz/assets/fonts/fa-regular-400.svg]
[tickettool.xyz/assets/fonts/fa-brands-400.svg]
[tickettool.xyz/assets/fonts/fa-solid-900.eot]
[tickettool.xyz/assets/fonts/fa-solid-900d41d.eot]
[tickettool.xyz/assets/fonts/fa-solid-900.woff2]
[tickettool.xyz/assets/fonts/fa-solid-900.woff]
[tickettool.xyz/assets/fonts/fa-solid-900.ttf]
[tickettool.xyz/assets/css/icons.min.css]
[tickettool.xyz/assets/images/multiple-arrow.png]
[tickettool.xyz/assets/fonts/dropify.eot]
[tickettool.xyz/assets/fonts/dropify.woff]
[tickettool.xyz/assets/fonts/fa-solid-900.svg]
[tickettool.xyz/assets/fonts/dropify.ttf]
[tickettool.xyz/assets/fonts/dropify.svg]
[tickettool.xyz/assets/images/clear.png]
[tickettool.xyz/assets/images/loading.gif]
[tickettool.xyz/assets/fonts/summernote.eot]
[tickettool.xyz/assets/fonts/summernoted41d.eot]
[tickettool.xyz/assets/fonts/summernoted41d.woff]
[tickettool.xyz/assets/fonts/summernoted41d.ttf]
[tickettool.xyz/assets/images/jstree.png]
[tickettool.xyz/assets/css/app.min.css]
[tickettool.xyz/premium.html]
[tickettool.xyz/assets/fonts/dripicons-v2.svg]
[tickettool.xyz/assets/fonts/materialdesignicons-webfont62bd.svg]
[tickettool.xyz/assets/fonts/feathere8ab.svg]
[tickettool.xyz/assets/fonts/themify9f24.svg]
[tickettool.xyz/assets/fonts/fa-brands-400.svg]
[tickettool.xyz/assets/fonts/fa-regular-400.svg]
[tickettool.xyz/assets/fonts/fa-solid-900.svg]
[tickettool.xyz/assets/fonts/dropify.svg]
